---
source: milli/src/update/prefix_word_pairs/mod.rs
---
1  a    5                [101, ]
1  a    amazing          [100, ]
1  a    an               [100, 202, ]
1  a    and              [100, ]
1  a    beautiful        [100, ]
1  a    extraordinary    [202, ]
1  am   and              [100, ]
1  an   amazing          [100, ]
1  an   beautiful        [100, ]
1  an   extraordinary    [202, ]
1  b    house            [100, ]
1  b    rings            [101, ]
1  be   house            [100, ]
1  be   rings            [101, ]
2  a    am               [101, ]
2  a    amazing          [100, ]
2  a    and              [100, ]
2  a    beautiful        [100, ]
2  a    extraordinary    [202, ]
2  a    house            [100, 202, ]
2  am   beautiful        [100, ]
2  an   and              [100, ]
2  an   house            [100, 202, ]
2  b    at               [101, ]
2  be   at               [101, ]

