---
source: milli/src/update/facet/bulk.rs
---
353d70f52eea66e5031dca989ea8a037
