---
source: milli/src/update/facet/bulk.rs
---
9d86c72ddb241d0aeca2995d61a3648a
