---
source: milli/src/update/facet/bulk.rs
---
b40dd31a65e033ffc6b35c027ce19506
