---
source: milli/src/update/facet/bulk.rs
---
7ee22d8e9387e72758f00918eb67e4c6
