---
source: milli/src/update/facet/bulk.rs
---
60f567359382507afdaf45fb075740c3
