---
source: milli/src/update/facet/incremental.rs
---
7cb503827ba17e9670296cc9531a1380
