---
source: milli/src/update/facet/incremental.rs
---
b061f43e379e16f0617c05d3313d0078
