---
source: milli/src/update/facet/incremental.rs
---
5dbfa134cc44abeb3ab6242fc182e48e
