---
source: milli/src/update/delete_documents.rs
---
2   0  2.2    1  [21, ]

