---
source: milli/src/update/prefix_word_pairs/mod.rs
---
1  a                y                [51, ]
1  x                a                [51, ]
1  x                y                [50, ]
2  x                y                [51, ]

