---
source: milli/src/search/facet/facet_sort_ascending.rs
---
[201, 203, 205, 207, 209, 211, 213, 215, 217, 219, 221, 223, 225, 227, 229, 231, 233, 235, 237, 239, 241, 243, 245, 247, 249, 251, 253, 255, ]
[200, ]
[202, ]
[204, ]
[206, ]
[208, ]
[210, ]
[212, ]
[214, ]
[216, ]
[218, ]
[220, ]
[222, ]
[224, ]
[226, ]
[228, ]
[230, ]
[232, ]
[234, ]
[236, ]
[238, ]
[240, ]
[242, ]
[244, ]
[246, ]
[248, ]
[250, ]
[252, ]
[254, ]

