---
source: milli/src/search/facet/facet_range_search.rs
---
c9939aa4977fcd4bfd35852e102dbc82
