---
source: milli/src/search/facet/facet_range_search.rs
---
fcedc563a82c1c61f50174a5f3f982b6
