---
source: milli/src/search/facet/facet_range_search.rs
---
618738d28ff1386b6e93d171a5acb08f
