---
source: milli/src/search/facet/facet_range_search.rs
---
57d35cfa419a19a1a1f8d7c8ef096e0f
