---
source: milli/src/search/facet/facet_range_search.rs
---
c3f8b0b858a4820a508b25b42328cedd
