---
source: milli/src/search/facet/facet_range_search.rs
---
38a42f5dc25e99d7a5312a63ce94ed30
