---
source: milli/src/search/facet/facet_range_search.rs
---
7f0ca8c0fc6494f3dba46e8eb9699045
