---
source: milli/src/search/facet/facet_range_search.rs
---
2049930204498b323885c91de88e44ca
