---
source: milli/src/update/facet/incremental.rs
---
7f8aa18d2b3a6422d55c03bede0563db
