---
source: milli/src/update/prefix_word_pairs/mod.rs
---
1  5                a    [51, ]
1  rings            a    [51, ]
2  at               a    [51, ]
2  bell             a    [51, ]
3  rings            a    [51, ]
3  the              a    [51, ]
4  bell             a    [51, ]

