---
source: milli/src/update/facet/bulk.rs
---
be1b08073b9d9788d18080c1320151d7
