---
source: milli/src/update/facet/bulk.rs
---
32a45d555df2e001420fea149818d376
