---
source: milli/src/update/facet/incremental.rs
---
9343355bf535ed4a0c956df2b229d5e6
