---
source: milli/src/update/delete_documents.rs
---
2   0  1.2    1  [20, 22, ]
2   0  2.2    1  [21, ]

