---
source: milli/src/update/facet/incremental.rs
---
b3e2de9020d9e0f3941bc3a179c795ba
