---
source: milli/src/update/delete_documents.rs
---
benoit           [2, ]

