---
source: milli/src/update/facet/incremental.rs
---
b17b2c4ec87a778aae07854c96c08b48
