---
source: milli/src/update/index_documents/mod.rs
---
[0, 1, 4, ]
