---
source: milli/src/search/facet/facet_range_search.rs
---
ad8fc873747aaf1d3590e7ccab735985
