---
source: milli/src/search/facet/facet_range_search.rs
---
9a8c7343b4735d37704748cabcd51ff2
