---
source: milli/src/search/facet/facet_range_search.rs
---
898a7dc25a1441bc3e7e2a8a62d99090
