---
source: milli/src/search/facet/facet_range_search.rs
---
all field_id 0: [3, 5, 6, 9, 10, 11, 14, 18, 19, 24, 26, 28, 29, 32, 33, 35, 36, 37, 38, 39, 41, 46, 47, 49, 52, 53, 55, 59, 61, 64, 68, 71, 74, 75, 76, 81, 83, 85, 86, 88, 90, 91, 92, 98, 99, 101, 102, 103, 105, 106, 107, 109, 110, 111, 114, 115, 118, 119, 123, 124, 126, 128, 129, 130, 131, 132, 133, 135, 136, 137, 138, 139, 141, 143, 144, 146, 147, 149, 150, 152, 153, 155, 156, 158, 159, 160, 161, 162, 163, 164, 167, 168, 169, 171, 173, 174, 175, 176, 177, 178, 179, 181, 182, 183, 185, 186, 188, 189, 190, 191, 192, 193, 195, 197, 198, 199, 201, 202, 203, 205, 206, 207, 208, 209, 210, 211, 215, 216, 219, 220, 223, 224, 226, 230, 231, 233, 235, 236, 237, 238, 239, 241, 243, 244, 247, 250, 256, 258, 260, 262, 263, 264, 267, 269, 273, 277, 278, 279, 281, 282, 286, 289, 292, 293, 295, 297, 305, 306, 307, 308, 309, 310, 316, 319, 320, 323, 326, 335, 336, 338, 343, ]

