---
source: milli/src/search/facet/facet_range_search.rs
---
e849066b0e43d5c456f086c552372afc
