---
source: milli/src/search/facet/facet_range_search.rs
---
cb69e0fe10fb299bafe77514204379cb
