---
source: milli/src/search/facet/facet_range_search.rs
---
3c23d35627667dcee98468bfdecf09d3
