---
source: milli/src/search/facet/facet_range_search.rs
---
73b48005dc57b04f0939bbf21a68dab6
