---
source: milli/src/search/facet/facet_range_search.rs
---
a50f49405717ef9f08829ff742d51cbb
