---
source: milli/src/update/prefix_word_pairs/mod.rs
---
1  an               a    [50, ]
1  at               a    [50, ]
1  the              b    [51, ]
2  at               a    [50, ]

